// Jest Snapshot v1, https://goo.gl/fbAQLP

exports[`<App /> should render and match the snapshot 1`] = `
<App__AppWrapper>
  <Helmet
    defaultTitle="History"
    defer={true}
    encodeSpecialCharacters={true}
    titleTemplate="%s - History"
  >
    <meta
      content="History"
      name="description"
    />
  </Helmet>
  <Header />
  <Switch>
    <Route
      component={[Function]}
      exact={true}
      path="/"
    />
    <Route
      component={[Function]}
      exact={true}
      path="/admin"
    />
    <Route
      component={[Function]}
      exact={true}
      path="/admin/walk"
    />
    <Route
      component={[Function]}
      exact={true}
      path="/admin/resize"
    />
    <Route
      component={[Function]}
      path="/explore"
    />
    <Route
      component={[Function]}
      path="/nearby"
    />
    <Route
      component={[Function]}
      path="/view/:host/:gallery/:album"
    />
    <Route
      component={[Function]}
      path="/view/:host/:gallery"
    />
    <Route
      component={[Function]}
      path=""
    />
  </Switch>
  <Footer />
  <Memo(l) />
</App__AppWrapper>
`;
