// Jest Snapshot v1, https://goo.gl/fbAQLP

exports[`<Header /> should render a div 1`] = `
<div>
  <div
    class="NavBar-qewlw2-0 kyIPBD"
  >
    <a
      class="HeaderLink-sc-1sdn86d-0 PrwUE"
      href="/"
    >
      <span>
        Home
      </span>
    </a>
    <a
      class="HeaderLink-sc-1sdn86d-0 PrwUE"
      href="/features"
    >
      <span>
        Features
      </span>
    </a>
  </div>
</div>
`;
