// Jest Snapshot v1, https://goo.gl/fbAQLP

exports[`<Header /> should render a div 1`] = `
<div>
  <div
    class="NavBar___default-sc-12wxsw5-0 fVnImi"
  >
    <a
      class="HeaderLink___default-tt8z9q-0 bMKdej"
      href="/"
    >
      <span>
        Home
      </span>
    </a>
    <a
      class="HeaderLink___default-tt8z9q-0 bMKdej"
      href="/admin"
    >
      <span>
        Admin
      </span>
    </a>
  </div>
</div>
`;
