// Jest Snapshot v1, https://goo.gl/fbAQLP

exports[`<Footer /> should render and match the snapshot 1`] = `
<footer
  className="Wrapper-sc-1oiemfm-0 ekfBrc"
>
  <section>
    <span>
      This project is licensed under the MIT license.
    </span>
  </section>
  <section>
    <div
      className="Wrapper-ubnoo8-0 iGcvVP"
    >
      <select
        className="Select-sc-19ubqap-0 izskqM"
        onChange={[Function]}
        value="en"
      >
        <option
          value="en"
        >
          en
        </option>
        <option
          value="de"
        >
          de
        </option>
      </select>
    </div>
  </section>
  <section>
    <span>
      
      Made with love by 
      <a
        className="A-ntsnd3-0 jymgtj"
        href="https://twitter.com/danactive"
      >
        Dan BROOKS
      </a>
      .
    
    </span>
  </section>
</footer>
`;
