// Jest Snapshot v1, https://goo.gl/fbAQLP

exports[`<LocaleToggle /> should match the snapshot 1`] = `
<div
  class="Wrapper-yfxp35-0 bhOCCR"
>
  <select
    class="Select-sc-1oowrq7-0 eOfYC"
  >
    <option
      value="en"
    >
      English
    </option>
    <option
      value="de"
    >
      German
    </option>
    <option
      value="ja"
    >
      Japanese
    </option>
  </select>
</div>
`;
