// Jest Snapshot v1, https://goo.gl/fbAQLP

exports[`<LocaleToggle /> should match the snapshot 1`] = `
<div
  class="Wrapper-yfxp35-0 jzVOKa"
>
  <select
    class="Select-sc-18ukqgz-0 hhmEXC"
  >
    <option
      value="en"
    >
      English
    </option>
    <option
      value="de"
    >
      German
    </option>
  </select>
</div>
`;
