// Jest Snapshot v1, https://goo.gl/fbAQLP

exports[`<HostStorage /> Should render and match the snapshot 1`] = `
<form
  action="#"
>
  <span>
     token/path for loading gallery/media
  </span>
  <input
    name="token"
    type="text"
    value=""
  />
  <button
    type="submit"
  >
    Store in browser
  </button>
</form>
`;
