// Jest Snapshot v1, https://goo.gl/fbAQLP

exports[`<HostStorage /> Should render and match the snapshot 1`] = `
<form
  action="#"
  data-testid="form"
>
  <span>
     token/path for loading gallery/media
  </span>
  <input
    aria-label="Token input"
    name="token"
    type="text"
    value=""
  />
  <input
    aria-label="Submit button"
    type="submit"
    value="Store in browser"
  />
</form>
`;
